// Jest Snapshot v1, https://goo.gl/fbAQLP

exports[`<MenuLink /> should match snapshot 1`] = `
.c0 {
  position: relative;
  display: block;
  text-decoration: none;
  font-size: 1.6rem;
  padding: 1.6rem;
  color: #0A1128;
}

.c0::after {
  content: '';
  position: absolute;
  bottom: 0;
  left: 50%;
  width: 0;
  height: 0.2rem;
  background: #DC143C;
  transition: all 300ms ease-in-out;
}

.c0:hover::after {
  left: 25%;
  width: 50%;
}

<div>
  <a
    class="c0"
    href="https://youtube.com/"
    target="_blank"
  >
    Children
  </a>
</div>
`;
